<testsuites id="" name="" tests="3" failures="0" skipped="0" errors="0" time="28.494128">
<testsuite name="rag-flow.spec.js" timestamp="2026-01-27T16:19:42.752Z" hostname="chromium" tests="3" failures="0" skipped="0" time="23.056" errors="0">
<testcase name="RAG PDF Upload &amp; Q&amp;A Workflow › should complete RAG flow: upload PDF, ask question, get answer with sources" classname="rag-flow.spec.js" time="9.571">
<system-out>
<![CDATA[Uploading PDF...
Entering question...
Submitting question...
Verifying AI answer...
AI Answer rendered successfully
Verifying source highlights...
Source highlights visible successfully
✅ RAG flow test completed successfully
]]>
</system-out>
</testcase>
<testcase name="RAG PDF Upload &amp; Q&amp;A Workflow › should handle PDF upload gracefully" classname="rag-flow.spec.js" time="4.459">
</testcase>
<testcase name="RAG PDF Upload &amp; Q&amp;A Workflow › should handle empty question submission" classname="rag-flow.spec.js" time="9.026">
</testcase>
</testsuite>
</testsuites>